<?xml version="1.0" encoding="UTF-8" ?>
<!DOCTYPE mapper PUBLIC "-//mybatis.org//DTD Mapper 3.0//EN" "http://mybatis.org/dtd/mybatis-3-mapper.dtd">

<mapper namespace="com.kkl.kklplus.golden.mapper.GoldenProcesslogMapper">
    <update id="updateProcessFlag">
        UPDATE
            golden_processlog
        SET
            process_flag = #{processFlag},
            update_date = #{updateDate},
            result_json = #{resultJson}
            <if test="processComment != null and processComment != ''">
                ,process_comment = #{processComment}
            </if>
        WHERE
            id= #{id}
    </update>


    <select id="select" resultType="com.kkl.kklplus.golden.entity.GoldenProcessLog">
            select
            id,
            settlement_id,
            withdraw_no,
            interface_name,
            info_json,
            result_json,
            process_flag,
            process_time,
            process_comment,
            create_by,
            create_date,
            update_by,
            update_date,
            quarter
            from golden_processlog
            <where>

            </where>
        </select>



    <insert id="insert" keyProperty="id" useGeneratedKeys="true">
        INSERT into golden_processlog (
        settlement_id,
        withdraw_no,
        interface_name,
        info_json,
        result_json,
        process_flag,
        process_comment,
        create_by,
        create_date,
        update_by,
        update_date,
        quarter
        )values (
        #{settlementId},
        #{withdrawNo},
        #{interfaceName},
        #{infoJson},
        #{resultJson},
        #{processFlag},
        #{processComment},
        #{createBy},
        #{createDate},
        #{updateBy},
        #{updateDate},
        #{quarter}
        )
    </insert>





    <sql id="set_column">
        <if test="id != null ">
            id = #{id,jdbcType=BIGINT},
        </if>

    </sql>
</mapper>